
   INFO  Server running on [http://127.0.0.1:8000].  

  Press Ctrl+C to stop the server

  2026-08-27 13:42:40 /api/competitions ....................................................................... ~ 4dt
  2026-08-27 13:42:56 /api/content/home-hero ............................................................... ~ 1.99ms
  2026-08-27 13:42:56 /api/content/landing-extras ........................................................ ~ 512.76ms
  2026-08-27 13:42:56 /api/venues ............................................................................. ~ 1dt
  2026-08-27 13:42:56 /api/competitions ....................................................................... ~ 1dt
  2026-08-27 13:42:56 /api/competitions ....................................................................... ~ 1dt
  2026-08-27 13:42:57 /api/competition-types .................................................................. ~ 1dt
  2026-08-27 13:42:58 /api/editions ...................................................................... ~ 508.01ms
  2026-08-27 13:42:58 /api/content/home-hero ............................................................. ~ 506.25ms
  2026-08-27 13:42:59 /api/content/landing-extras ............................................................. ~ 1dt
  2026-08-27 13:42:59 /api/venues ............................................................................. ~ 1dt
  2026-08-27 13:42:59 /api/competitions ....................................................................... ~ 1dt
  2026-08-27 13:43:00 /api/competitions ....................................................................... ~ 1dt
  2026-08-27 13:43:00 /api/competition-types .................................................................. ~ 1dt
  2026-08-27 13:43:01 /api/editions ........................................................................... ~ 1dt
  2026-08-27 13:43:01 /api/content/home-hero ............................................................. ~ 512.19ms
  2026-08-27 13:43:02 /api/content/landing-extras .......................................................... ~ 2.99ms
  2026-08-27 13:43:02 /api/venues ........................................................................ ~ 510.38ms
  2026-08-27 13:43:02 /api/competitions ....................................................................... ~ 1dt
  2026-08-27 13:43:03 /api/competitions .................................................................. ~ 513.81ms
  2026-08-27 13:43:02 /storage/site-content/sponsors/HJwRMAquacyv7EATXHGw70WmTEp685zcdqi0AGUF.jpg ............. ~ 1dt
  2026-08-27 13:43:03 /api/competition-types ............................................................. ~ 519.39ms
  2026-08-27 13:43:04 /api/editions ...................................................................... ~ 518.02ms
  2026-08-27 13:43:04 /api/content/home-hero ............................................................. ~ 509.77ms
  2026-08-27 13:43:04 /api/content/landing-extras ............................................................. ~ 1dt
  2026-08-27 13:43:05 /api/venues ............................................................................. ~ 1dt
  2026-08-27 13:43:05 /api/competitions ....................................................................... ~ 1dt
  2026-08-27 13:43:05 /api/competitions ....................................................................... ~ 1dt
  2026-08-27 13:43:06 /api/competition-types .................................................................. ~ 1dt
  2026-08-27 13:43:06 /api/editions ...................................................................... ~ 510.28ms
  2026-08-27 13:43:02 /storage/site-content/sponsors/Xh2SyV52eJYwrNOfAum4WEcogCnOtK7Tt9UhWfnS.png ............. ~ 5dt
  2026-08-27 13:44:39 /api/login ......................................................................... ~ 512.61ms
  2026-08-27 13:44:39 /api/login .............................................................................. ~ 4dt
  2026-08-27 13:44:43 /api/manage/dashboard .............................................................. ~ 509.23ms
  2026-08-27 13:44:43 /api/manage/notifications ............................................................... ~ 1dt
  2026-08-27 13:44:43 /api/manage/competitions ................................................................ ~ 1dt
  2026-08-27 13:44:44 /api/manage/editions .................................................................... ~ 1dt
  2026-08-27 13:44:44 /api/manage/dashboard ................................................................... ~ 1dt
  2026-08-27 13:44:44 /api/manage/notifications ............................................................... ~ 2dt
  2026-08-27 13:44:46 /api/manage/competitions ................................................................ ~ 1dt
  2026-08-27 13:44:46 /api/manage/editions .................................................................... ~ 1dt
  2026-08-27 13:44:47 /api/manage/dashboard .............................................................. ~ 512.83ms
  2026-08-27 13:44:47 /api/manage/registration-competitions .............................................. ~ 521.48ms
  2026-08-27 13:44:48 /api/manage/registrations ............................................................... ~ 1dt
  2026-08-27 13:44:48 /api/manage/notifications .......................................................... ~ 548.29ms
  2026-08-27 13:44:48 /api/manage/competitions ........................................................... ~ 521.99ms
  2026-08-27 13:44:49 /api/manage/editions .................................................................... ~ 1dt
  2026-08-27 13:44:49 /api/manage/dashboard .............................................................. ~ 511.59ms
  2026-08-27 13:44:49 /api/manage/registration-competitions .............................................. ~ 517.55ms
  2026-08-27 13:44:50 /api/manage/registrations ............................................................... ~ 1dt
  2026-08-27 13:44:50 /api/manage/notifications ............................................................... ~ 1dt
  2026-08-27 13:44:51 /api/manage/competitions ................................................................ ~ 1dt
  2026-08-27 13:44:52 /api/manage/editions .................................................................... ~ 1dt
  2026-08-27 13:44:52 /api/manage/registration-competitions .............................................. ~ 510.96ms
  2026-08-27 13:44:53 /api/manage/registration-competitions .............................................. ~ 517.20ms
  2026-08-27 14:30:06 /api/manage/registration-competitions ................................................ ~ 2.35ms
  2026-08-27 14:30:06 /api/manage/registration-competitions ................................................ ~ 4.00ms
  2026-08-27 14:30:06 /api/manage/editions ............................................................... ~ 515.14ms
  2026-08-27 14:30:06 /api/manage/editions ............................................................... ~ 516.44ms
  2026-08-27 14:30:07 /api/manage/registration-competitions ................................................ ~ 0.25ms
  2026-08-27 14:30:07 /api/manage/registrations ............................................................ ~ 1.41ms
  2026-08-27 14:30:07 /api/manage/registration-competitions .............................................. ~ 508.07ms
  2026-08-27 14:30:07 /api/manage/editions ............................................................... ~ 507.68ms
  2026-08-27 14:30:07 /api/manage/editions ................................................................. ~ 0.91ms
  2026-08-27 14:30:07 /api/manage/registrations ............................................................ ~ 1.02ms
  2026-08-27 14:31:02 /api/manage/registration-competitions .............................................. ~ 515.81ms
  2026-08-27 14:31:02 /api/manage/editions ............................................................... ~ 516.57ms
  2026-08-27 14:31:02 /api/manage/editions ................................................................. ~ 1.37ms
  2026-08-27 14:31:02 /api/manage/registration-competitions ................................................ ~ 0.88ms
  2026-08-27 14:31:02 /api/manage/registrations .......................................................... ~ 505.33ms
  2026-08-27 14:31:02 /api/manage/registration-competitions .............................................. ~ 505.90ms
  2026-08-27 14:31:02 /api/manage/editions ................................................................. ~ 1.15ms
  2026-08-27 14:31:03 /api/manage/editions ............................................................... ~ 504.78ms
  2026-08-27 14:31:03 /api/manage/registration-competitions .............................................. ~ 504.93ms
  2026-08-27 14:31:03 /api/manage/registrations ............................................................ ~ 1.32ms
  2026-08-27 14:31:22 /api/manage/registration-competitions .............................................. ~ 517.19ms
  2026-08-27 14:31:22 /api/manage/registration-competitions .............................................. ~ 519.10ms
  2026-08-27 14:31:22 /api/manage/editions ............................................................... ~ 519.69ms
  2026-08-27 14:31:22 /api/manage/editions ................................................................. ~ 2.29ms
  2026-08-27 14:31:22 /api/manage/registration-competitions ................................................ ~ 1.03ms
  2026-08-27 14:31:22 /api/manage/registration-competitions .............................................. ~ 507.01ms
  2026-08-27 14:31:22 /api/manage/registrations .......................................................... ~ 507.57ms
  2026-08-27 14:31:22 /api/manage/editions ................................................................. ~ 0.86ms
  2026-08-27 14:31:22 /api/manage/editions ............................................................... ~ 505.71ms
  2026-08-27 14:31:23 /api/manage/registrations .......................................................... ~ 507.17ms
  2026-08-27 14:32:29 /api/manage/registration-competitions ................................................ ~ 1.88ms
  2026-08-27 14:32:29 /api/manage/registration-competitions ................................................ ~ 0.12ms
  2026-08-27 14:32:29 /api/manage/editions ............................................................... ~ 510.48ms
  2026-08-27 14:32:29 /api/manage/editions ............................................................... ~ 511.59ms
  2026-08-27 14:32:29 /api/manage/registration-competitions ................................................ ~ 1.92ms
  2026-08-27 14:32:29 /api/manage/registrations ............................................................ ~ 0.97ms
  2026-08-27 14:32:29 /api/manage/registration-competitions .............................................. ~ 507.19ms
  2026-08-27 14:32:29 /api/manage/editions ............................................................... ~ 507.32ms
  2026-08-27 14:32:29 /api/manage/editions ................................................................. ~ 0.93ms
  2026-08-27 14:32:30 /api/manage/registrations ............................................................ ~ 1.04ms
  2026-08-27 14:32:47 /api/manage/registration-competitions ................................................ ~ 1.99ms
  2026-08-27 14:32:47 /api/manage/registration-competitions ................................................ ~ 3.52ms
  2026-08-27 14:32:47 /api/manage/editions ................................................................. ~ 4.09ms
  2026-08-27 14:32:47 /api/manage/editions ................................................................. ~ 1.91ms
  2026-08-27 14:32:47 /api/manage/registration-competitions .............................................. ~ 506.57ms
  2026-08-27 14:32:47 /api/manage/registration-competitions .............................................. ~ 506.36ms
  2026-08-27 14:32:47 /api/manage/registrations ............................................................ ~ 0.80ms
  2026-08-27 14:32:47 /api/manage/editions ............................................................... ~ 512.57ms
  2026-08-27 14:32:47 /api/manage/editions ............................................................... ~ 513.92ms
  2026-08-27 14:32:48 /api/manage/registrations ............................................................ ~ 1.90ms
  2026-08-27 14:33:52 /api/manage/registration-competitions .............................................. ~ 511.55ms
  2026-08-27 14:33:52 /api/manage/registration-competitions ................................................... ~ 1dt
  2026-08-27 14:33:52 /api/manage/editions .................................................................... ~ 1dt
  2026-08-27 14:33:52 /api/manage/editions .................................................................... ~ 1dt
  2026-08-27 14:33:52 /api/manage/registrations ............................................................... ~ 1dt
  2026-08-27 14:33:53 /api/manage/registration-competitions .............................................. ~ 521.69ms
  2026-08-27 14:33:54 /api/manage/registration-competitions ................................................... ~ 1dt
  2026-08-27 14:33:54 /api/manage/editions .................................................................... ~ 1dt
  2026-08-27 14:33:55 /api/manage/editions .................................................................... ~ 1dt
  2026-08-27 14:33:55 /api/manage/registrations ............................................................... ~ 1dt
  2026-08-27 14:38:32 /api/competitions ....................................................................... ~ 1dt
